{
    "contraCheque": [
        {
            "idContraCheque": "mpt/05/2019/1",
            "chaveColeta": "mpt/05/2019",
            "nome": "ABIAEL FRANCO SANTOS",
            "matricula": "376",
            "funcao": "PROCURADOR REGIONAL DO TRABALHO",
            "localTrabalho": "3º OFÍCIO GERAL DA PRT DA 15ª REGIÃO",
            "ativo": true,
            "remuneracoes": {
                "remuneracao": [
                    {
                        "categoria": "Remuneração Básica",
                        "item": "Remuneração do Cargo Efetivo",
                        "valor": 35462.22
                    },
                    {
                        "categoria": "Remuneração Básica",
                        "item": "Outras Verbas Remuneratórias Legais ou Judiciais",
                        "tipoReceita": "O"
                    },
                    {
                        "categoria": "Remuneração Eventual ou Temporária",
                        "item": "Função de Confiança ou Cargo em Comissão",
                        "tipoReceita": "O"
                    },
                    {
                        "categoria": "Remuneração Eventual ou Temporária",
                        "item": "Gratificação Natalina",
                        "tipoReceita": "O"
                    },
                    {
                        "categoria": "Remuneração Eventual ou Temporária",
                        "item": "Férias (1/3 constitucional)",
                        "valor": 27581.72,
                        "tipoReceita": "O"
                    },
                    {
                        "categoria": "Remuneração Eventual ou Temporária",
                        "item": "Abono de Permanência",
                        "tipoReceita": "O"
                    },
                    {
                        "natureza": "D",
                        "categoria": "Obrigatórios / Legais",
                        "item": "Contribuição Previdênciária",
                        "valor": -3900.84
                    },
                    {
                        "natureza": "D",
                        "categoria": "Obrigatórios / Legais",
                        "item": "Imposto de Renda",
                        "valor": -10191.35
                    },
                    {
                        "natureza": "D",
                        "categoria": "Obrigatórios / Legais",
                        "item": "Retenção por Teto Constitucional"
                    },
                    {
                        "categoria": "VERBA INDENIZATÓRIA",
                        "item": "AUXILIO-ALIMENTACAO",
                        "valor": 910.08,
                        "tipoReceita": "O"
                    }
                ]
            }
        }
    ]
}